
> edwin-desktop@0.1.0 typecheck
> tsc --noEmit

src/__tests__/hooks/useChannels.test.ts(33,17): error TS2353: Object literal may only specify known properties, and 'sendDelay' does not exist in type 'ChannelSettings'.
src/__tests__/hooks/useChannels.test.ts(83,11): error TS2353: Object literal may only specify known properties, and 'sendDelay' does not exist in type 'ChannelSettings'.
src/__tests__/hooks/useChannels.test.ts(158,68): error TS2345: Argument of type '{}' is not assignable to parameter of type 'ChannelSettings'.
  Type '{}' is missing the following properties from type 'ChannelSettings': autoReply, allowedChatIds
src/__tests__/hooks/useChat.test.ts(45,38): error TS2353: Object literal may only specify known properties, and 'delta' does not exist in type '{ type: string; data?: any; }'.
src/__tests__/hooks/useChat.test.ts(46,38): error TS2353: Object literal may only specify known properties, and 'delta' does not exist in type '{ type: string; data?: any; }'.
src/__tests__/hooks/useChat.test.ts(65,12): error TS2532: Object is possibly 'undefined'.
src/__tests__/hooks/useChat.test.ts(66,12): error TS2532: Object is possibly 'undefined'.
src/__tests__/hooks/useChat.test.ts(67,12): error TS2532: Object is possibly 'undefined'.
src/__tests__/hooks/useChat.test.ts(68,12): error TS2532: Object is possibly 'undefined'.
src/__tests__/hooks/useChat.test.ts(101,38): error TS2353: Object literal may only specify known properties, and 'delta' does not exist in type '{ type: string; data?: any; }'.
src/__tests__/hooks/useChat.test.ts(181,38): error TS2353: Object literal may only specify known properties, and 'delta' does not exist in type '{ type: string; data?: any; }'.
src/__tests__/hooks/useChat.test.ts(205,38): error TS2353: Object literal may only specify known properties, and 'delta' does not exist in type '{ type: string; data?: any; }'.
src/__tests__/hooks/useConfig.test.ts(171,13): error TS6133: 'result' is declared but its value is never read.
src/__tests__/hooks/useDiscovery.test.ts(28,7): error TS2561: Object literal may only specify known properties, but 'publicKey' does not exist in type 'DiscoveredPeer'. Did you mean to write 'pubkey'?
src/__tests__/hooks/useDiscovery.test.ts(35,7): error TS2561: Object literal may only specify known properties, but 'publicKey' does not exist in type 'DiscoveredPeer'. Did you mean to write 'pubkey'?
src/__tests__/hooks/useInvitations.test.ts(8,27): error TS6133: 'waitFor' is declared but its value is never read.
src/__tests__/hooks/useInvitations.test.ts(11,31): error TS6196: 'AccessLevel' is declared but never used.
src/__tests__/hooks/useInvitations.test.ts(21,5): error TS2353: Object literal may only specify known properties, and 'token' does not exist in type 'InvitationData'.
src/__tests__/hooks/useSubscription.test.ts(204,11): error TS6133: 'verifiedAt' is declared but its value is never read.
src/__tests__/hooks/useSubscription.test.ts(207,5): error TS2322: Type 'string' is not assignable to type 'undefined'.
src/__tests__/hooks/useSubscription.test.ts(208,55): error TS2345: Argument of type '0' is not assignable to parameter of type 'null'.
src/__tests__/stores/channelStore.test.ts(32,17): error TS2353: Object literal may only specify known properties, and 'sendDelay' does not exist in type 'ChannelSettings'.
src/__tests__/stores/channelStore.test.ts(91,11): error TS2353: Object literal may only specify known properties, and 'sendDelay' does not exist in type 'ChannelSettings'.
src/__tests__/stores/channelStore.test.ts(108,13): error TS2353: Object literal may only specify known properties, and 'sendDelay' does not exist in type 'ChannelSettings'.
src/__tests__/stores/subscriptionStore.test.ts(146,11): error TS6133: 'futureExpiry' is declared but its value is never read.
src/components/channels/MatrixWizard.test.tsx(145,26): error TS2322: Type '"matrix_main"' is not assignable to type 'ChannelName | undefined'.
src/components/channels/MatrixWizard.test.tsx(184,9): error TS2322: Type '"matrix_edit"' is not assignable to type 'ChannelName | undefined'.
src/components/channels/MatrixWizard.test.tsx(185,9): error TS2739: Type '{ credentials: { homeserver: string; accessToken: string; }; }' is missing the following properties from type 'DecryptedChannelConfig': channel, enabled, configuredAt, configuredBy, settings
src/components/channels/TelegramWizard.test.tsx(119,28): error TS2820: Type '"telegram_bot"' is not assignable to type 'ChannelName | undefined'. Did you mean '"telegram"'?
src/components/channels/TelegramWizard.test.tsx(149,9): error TS2322: Type '"telegram_edit"' is not assignable to type 'ChannelName | undefined'.
src/components/channels/TelegramWizard.test.tsx(150,9): error TS2739: Type '{ credentials: { botToken: string; }; }' is missing the following properties from type 'DecryptedChannelConfig': channel, enabled, configuredAt, configuredBy, settings
src/components/GeneralSettings.test.tsx(44,29): error TS2322: Type '{ initialSettings: { darkMode: boolean; notifications: boolean; gatewayUrl: string; maxTokens: number; temperature: number; }; }' is not assignable to type 'IntrinsicAttributes & GeneralSettingsProps'.
  Property 'initialSettings' does not exist on type 'IntrinsicAttributes & GeneralSettingsProps'.
src/components/GeneralSettings.test.tsx(195,29): error TS2322: Type '{ initialSettings: { darkMode: boolean; notifications: boolean; gatewayUrl: string; maxTokens: number; }; }' is not assignable to type 'IntrinsicAttributes & GeneralSettingsProps'.
  Property 'initialSettings' does not exist on type 'IntrinsicAttributes & GeneralSettingsProps'.
src/components/GeneralSettings.test.tsx(248,29): error TS2322: Type '{ initialSettings: { temperature: number; }; }' is not assignable to type 'IntrinsicAttributes & GeneralSettingsProps'.
  Property 'initialSettings' does not exist on type 'IntrinsicAttributes & GeneralSettingsProps'.
src/components/onboarding/DoneStep.test.tsx(67,22): error TS2345: Argument of type 'HTMLElement | undefined' is not assignable to parameter of type 'Element'.
  Type 'undefined' is not assignable to type 'Element'.
src/components/onboarding/DoneStep.test.tsx(73,22): error TS2345: Argument of type 'HTMLElement | undefined' is not assignable to parameter of type 'Element'.
  Type 'undefined' is not assignable to type 'Element'.
src/components/onboarding/DoneStep.test.tsx(75,22): error TS2345: Argument of type 'HTMLElement | undefined' is not assignable to parameter of type 'Element'.
  Type 'undefined' is not assignable to type 'Element'.
src/components/onboarding/OnboardingWizard.test.tsx(264,53): error TS2322: Type '{ onComplete: Mock<Procedure>; allowSkip: true; }' is not assignable to type 'IntrinsicAttributes & OnboardingWizardProps'.
  Property 'allowSkip' does not exist on type 'IntrinsicAttributes & OnboardingWizardProps'.
src/components/settings/__tests__/IdentitySettings.test.tsx(393,26): error TS2345: Argument of type 'HTMLElement | undefined' is not assignable to parameter of type 'Element'.
  Type 'undefined' is not assignable to type 'Element'.
src/components/settings/__tests__/IdentitySettings.test.tsx(405,13): error TS6133: 'buttons' is declared but its value is never read.
src/hooks/useOnboarding.test.ts(223,14): error TS2367: This comparison appears to be unintentional because the types '"Welcome" | "ApiKey" | "Identity" | "Gateway" | "TestChat" | "Channels" | "Done"' and '"identity"' have no overlap.
src/test/lib/config.test.ts(27,13): error TS2741: Property 'gatewayUrl' is missing in type '{ gatewayPort: number; autoStartGateway: true; theme: "dark"; defaultModel: string; chat: { enableStreaming: true; temperature: number; maxTokens: number; }; gateway: { autoRestart: true; maxRestarts: number; healthCheckInterval: number; }; }' but required in type 'DesktopConfig'.
